// Jest Snapshot v1, https://goo.gl/fbAQLP

exports[`App component getWeatherByLocationName should set weather state with getWeatherByLocationName service response 1`] = `
<React.Fragment>
  <ImageBackground
    imageURL="#"
  />
  <LocationInput
    error={null}
    onGetCoords={[Function]}
    onSearch={[Function]}
  />
</React.Fragment>
`;

exports[`App component should match snapshot 1`] = `
<React.Fragment>
  <ImageBackground
    imageURL="#"
  />
  <LocationInput
    error={null}
    onGetCoords={[Function]}
    onSearch={[Function]}
  />
</React.Fragment>
`;
