// Jest Snapshot v1, https://goo.gl/fbAQLP

exports[`App component should match snapshot 1`] = `
<React.Fragment>
  <ImageBackground
    imageURL="https://www.bing.com/az/hprichbg/rb/VikingHouse_PT-BR10853372693_1920x1080.jpg"
  />
  <LocationInput
    onGetCoords={[Function]}
    onSearch={[Function]}
  />
</React.Fragment>
`;
